// Jest Snapshot v1, https://goo.gl/fbAQLP

exports[` 1`] = `
<DocumentFragment>
  <header>
    <nav
      class="px-4 navbar navbar-expand-lg navbar-dark bg-dark"
    >
      <a
        class="navbar-brand"
        href="/"
      >
        Portfolio
      </a>
      <button
        aria-controls="responsive-navbar-nav"
        aria-label="Toggle navigation"
        class="navbar-toggler collapsed"
        type="button"
      >
        <span
          class="navbar-toggler-icon"
        />
      </button>
      <div
        class="justify-content-stretch navbar-collapse collapse"
        id="responsive-navbar-nav"
      >
        <div
          class="mr-auto navbar-nav"
        />
        <div
          class="navbar-nav"
        >
          <a
            class="nav-link"
            data-rb-event-key="#about"
            data-testid="about"
            href="#about"
          >
            About Me
          </a>
          <a
            class="nav-link"
            data-rb-event-key="#portfolio"
            data-testid="portfolio"
            href="#portfolio"
          >
            Portfolio
          </a>
          <a
            class="nav-link"
            data-rb-event-key="#contact"
            data-testid="contact"
            href="#contact"
          >
            Contact
          </a>
          <a
            class="nav-link"
            data-rb-event-key="#resume"
            data-testid="resume"
            href="#resume"
          >
            Resume
          </a>
        </div>
      </div>
    </nav>
  </header>
</DocumentFragment>
`;
